// Jest Snapshot v1, https://goo.gl/fbAQLP

exports[`<Bar /> should render Bar with styles 1`] = `
.c0 {
  width: 100%;
  height: 6.4rem;
  background: linear-gradient( 120deg,#2DC2C3 0%,#2D3D88 100% );
}

<aside
  class="c0"
/>
`
