// Jest Snapshot v1, https://goo.gl/fbAQLP

exports[`<Toast /> should Toast render with styles 1`] = `
@media (min-width:768px) {

}

<div
  class="Toastify"
/>
`
